// Jest Snapshot v1, https://goo.gl/fbAQLP

exports[`Render the missions list in profile page Renders the missions list in profile page correctly 1`] = `
<div>
  <ul />
</div>
`;
