// Jest Snapshot v1, https://goo.gl/fbAQLP

exports[`Render the rockets list in profile page Renders the rockets list in profile page correctly 1`] = `
<div>
  <ul />
</div>
`;
