// Jest Snapshot v1, https://goo.gl/fbAQLP

exports[`Render the missions lists Renders the missions correctly 1`] = `null`;
