// Jest Snapshot v1, https://goo.gl/fbAQLP

exports[`Render the Navbar Renders the navbar 1`] = `
<header
  className="header-section"
>
  <nav
    className="header-navbar"
  >
    <div
      className="logo"
    >
      <img
        alt=""
        className="header-logo"
        height="50"
        src="logo.png"
        width="50"
      />
      
      <p
        className="space-travellers"
      >
        Space Traveler's Hub
      </p>
    </div>
    <div
      className="header-nav"
    >
      <ul
        className="header-nav_ul"
      >
        <li
          className="rockets"
        >
          <a
            aria-current="page"
            className="active"
            href="/"
            onClick={[Function]}
            style={Object {}}
          >
            Rockets
          </a>
        </li>
        <li
          className="missions"
        >
          <a
            aria-current={null}
            href="/Missions"
            onClick={[Function]}
          >
            Missions
          </a>
        </li>
        <li
          className="profile"
        >
          <a
            aria-current={null}
            href="/Profile"
            onClick={[Function]}
          >
            My Profile
          </a>
        </li>
      </ul>
    </div>
  </nav>
</header>
`;

exports[`Render the missions list Renders the Missions in the missions page 1`] = `null`;

exports[`Render the missions lists Renders the rockets and missions in profile page 1`] = `
<div>
  <div
    className="profile-section"
  >
    <div
      className="my-missions-profile"
    >
      <h2
        className="profile-headers"
      >
        My Missions
      </h2>
      <div>
        <ul />
      </div>
    </div>
    <div
      className="my-rockets-profile"
    >
      <h2
        className="profile-headers"
      >
        My Rockets
      </h2>
      <div>
        <ul />
      </div>
    </div>
  </div>
</div>
`;

exports[`Render the rockets list Renders the rockets in the rockets page 1`] = `
<div>
  <div
    className="rocket-card"
  />
</div>
`;
